<html>
<body>
<pre>
<h1>µVision Build Log</h1>
<h2>Tool Versions:</h2>
IDE-Version: ¦ÌVision V5.21.1.0
Copyright (C) 2016 ARM Ltd and ARM Germany GmbH. All rights reserved.
License Information: Big Lion, ZJNU, LIC=EPP74-FSXVN-NRFXL-0JEEG-K5DIH-Q0T8Y
 
Tool Versions:
Toolchain:       MDK-ARM Professional  Version: 5.21a
Toolchain Path:  F:\4-tools\Keil 5.21\ARM\ARMCC\Bin
C Compiler:      Armcc.exe V5.06 update 3 (build 300)
Assembler:       Armasm.exe V5.06 update 3 (build 300)
Linker/Locator:  ArmLink.exe V5.06 update 3 (build 300)
Library Manager: ArmAr.exe V5.06 update 3 (build 300)
Hex Converter:   FromElf.exe V5.06 update 3 (build 300)
CPU DLL:         SARMCM3.DLL V5.21a
Dialog DLL:      DCM.DLL V1.13.8.0
Target DLL:      STLink\ST-LINKIII-KEIL_SWO.dll V2.0.18.0
Dialog DLL:      TCM.DLL V1.14.14.0
 
<h2>Project:</h2>
F:\2-stm32_Doc\5-test2learn\All_Project\10.Nixie_tube\2_Frameware\Nixie_tube\MDK-ARM\Nixie_tube.uvprojx
Project File Date:  03/02/2017

<h2>Output:</h2>
*** Using Compiler 'V5.06 update 3 (build 300)', folder: 'F:\4-tools\Keil 5.21\ARM\ARMCC\Bin'
Rebuild target 'Nixie_tube'
compiling stm32f1xx_hal_cortex.c...
compiling stm32f1xx_hal_flash_ex.c...
compiling stm32f1xx_hal_rcc_ex.c...
compiling stm32f1xx_hal_pwr.c...
compiling stm32f1xx_hal_flash.c...
compiling stm32f1xx_hal_uart.c...
compiling stm32f1xx_hal_gpio_ex.c...
compiling stm32f1xx_hal_tim_ex.c...
compiling stm32f1xx_hal_tim.c...
compiling stm32f1xx_hal_dma.c...
compiling stm32f1xx_hal_crc.c...
compiling stm32f1xx_hal_rcc.c...
compiling stm32f1xx_hal_gpio.c...
compiling stm32f1xx_hal.c...
compiling crc.c...
compiling freertos.c...
../Src/freertos.c(148): warning:  #550-D: variable "xLastWakeTime" was set but never used
  	uint32_t xLastWakeTime;
../Src/freertos.c(149): warning:  #177-D: variable "xFrequency" was declared but never referenced
  	const uint32_t xFrequency = 200;
../Src/freertos.c(260): warning:  #181-D: argument is incompatible with corresponding format string conversion
  		sprintf(buf_str,"%s\r\n",argument);
../Src/freertos.c: 3 warnings, 0 errors
compiling stm32f1xx_hal_msp.c...
compiling gpio.c...
compiling main.c...
compiling stm32f1xx_it.c...
compiling usart.c...
compiling stm32f1xx_hal_timebase_TIM.c...
compiling delay.c...
compiling ds18b20.c...
..\Src\ds18b20.c(218): warning:  #550-D: variable "res" was set but never used
  	uint8_t   ucDS18B20ID[8],res,i;
..\Src\ds18b20.c: 1 warning, 0 errors
compiling ds1302.c...
compiling hv_display.c...
compiling tim.c...
compiling timers.c...
compiling croutine.c...
compiling queue.c...
compiling tasks.c...
compiling event_groups.c...
compiling dma.c...
compiling list.c...
compiling heap_4.c...
assembling startup_stm32f103xb.s...
compiling port.c...
compiling cmsis_os.c...
compiling system_stm32f1xx.c...
linking...
Program Size: Code=14632 RO-data=484 RW-data=140 ZI-data=5796  
"Nixie_tube\Nixie_tube.axf" - 0 Error(s), 4 Warning(s).

<h2>Software Packages used:</h2>

Package Vendor: ARM
                http://www.keil.com/pack/ARM.CMSIS.4.5.0.pack
                ARM::CMSIS:CORE:4.3.0
                CMSIS (Cortex Microcontroller Software Interface Standard)
   * Component: CORE Version: 4.3.0

<h2>Collection of Component include folders:</h2>
  F:\2-stm32_Doc\5-test2learn\All_Project\10.Nixie_tube\2_Frameware\Nixie_tube\MDK-ARM\RTE
  F:\4-tools\Keil 5.21\ARM\PACK\ARM\CMSIS\4.5.0\CMSIS\Include
  F:\4-tools\Keil 5.21\ARM\PACK\Keil\STM32F1xx_DFP\2.1.0\Device\Include

<h2>Collection of Component Files used:</h2>

   * Component: ARM::CMSIS:CORE:4.3.0
Build Time Elapsed:  00:01:39
</pre>
</body>
</html>
